I'm sorry, but errors were detected in your script. Please correct the
errors listed below, and try again.


File "game/scenario/6story.rpy", line 96: Line is indented, but the preceding show statement statement does not expect a block. Please check this line's indentation. You may have forgotten a colon (:).
    pause 1
    ^

Ren'Py Version: Ren'Py 8.3.7.25031702
Thu Aug 28 22:46:04 2025
